// Jest Snapshot v1, https://goo.gl/fbAQLP

exports[`Idea tests create union 1`] = `
Object {
  "Space": Object {
    "__typename": "Space",
    "ideas": Array [
      Object {
        "__typename": "Idea",
        "reactionsOf": Array [],
        "reactionsTo": Array [
          Object {
            "__typename": "Reaction",
            "response": Object {
              "__typename": "Idea",
              "title": "response idea",
            },
            "subject": Object {
              "__typename": "Idea",
              "title": "subject idea",
            },
            "type": "answer",
          },
        ],
        "title": "response idea",
      },
      Object {
        "__typename": "Idea",
        "reactionsOf": Array [
          Object {
            "__typename": "Reaction",
            "response": Object {
              "__typename": "Idea",
              "title": "response idea",
            },
            "subject": Object {
              "__typename": "Idea",
              "title": "subject idea",
            },
            "type": "answer",
          },
        ],
        "reactionsTo": Array [],
        "title": "subject idea",
      },
    ],
  },
}
`;
