// Jest Snapshot v1, https://goo.gl/fbAQLP

exports[`Concept addSubConcept 1`] = `
Object {
  "Concept": Object {
    "__typename": "Concept",
    "subConcepts": Array [
      Object {
        "__typename": "Concept",
        "superConcepts": Array [
          Object {
            "__typename": "Concept",
            "title": "Test",
          },
        ],
        "title": "Test",
      },
    ],
  },
}
`;

exports[`Concept createInSpace 1`] = `
Object {
  "Space": Object {
    "__typename": "Space",
    "concepts": Array [
      Object {
        "__typename": "Concept",
        "spaces": Array [
          Object {
            "__typename": "Space",
            "title": "createInSpace",
          },
        ],
        "title": "Test",
      },
    ],
    "rootConcepts": Array [
      Object {
        "__typename": "Concept",
        "spaces": Array [
          Object {
            "__typename": "Space",
            "title": "createInSpace",
          },
        ],
        "title": "Test",
      },
    ],
  },
}
`;

exports[`Concept createSubConcept 1`] = `
Object {
  "Concept": Object {
    "__typename": "Concept",
    "subConcepts": Array [
      Object {
        "__typename": "Concept",
        "superConcepts": Array [
          Object {
            "__typename": "Concept",
            "title": "Test",
          },
        ],
        "title": "Test",
      },
    ],
  },
}
`;
