// Jest Snapshot v1, https://goo.gl/fbAQLP

exports[`Concept.createInSpace 1`] = `
Object {
  "data": Object {
    "Space": Object {
      "__typename": "Space",
      "concepts": Array [
        Object {
          "__typename": "Concept",
          "spaces": Array [
            Object {
              "__typename": "Space",
              "title": "test",
            },
          ],
          "title": "Test",
        },
      ],
      "rootConcepts": Array [
        Object {
          "__typename": "Concept",
          "spaces": Array [
            Object {
              "__typename": "Space",
              "title": "test",
            },
          ],
          "title": "Test",
        },
      ],
    },
  },
  "loading": false,
  "networkStatus": 7,
  "stale": false,
}
`;
